
> psy-love@0.1.0 dev
> next dev --turbopack --port 12000 --hostname 0.0.0.0

   ▲ Next.js 15.3.3 (Turbopack)
   - Local:        http://localhost:12000
   - Network:      http://0.0.0.0:12000
   - Environments: .env.local

 ✓ Starting...
 ✓ Ready in 1031ms
 ○ Compiling / ...
 ✓ Compiled / in 2.8s
 GET / 200 in 3181ms
 GET / 200 in 82ms
 GET / 200 in 59ms
 ⚠ Cross origin request detected from work-1-uxxwrxivjamwipsw.prod-runtime.all-hands.dev to /_next/* resource. In a future major version of Next.js, you will need to explicitly configure "allowedDevOrigins" in next.config to allow this.
Read more: https://nextjs.org/docs/app/api-reference/config/next-config-js/allowedDevOrigins
 ○ Compiling /api/auth/[...nextauth] ...
 ✓ Compiled /api/auth/[...nextauth] in 1136ms
 GET /api/auth/session 200 in 1785ms
 GET /api/auth/providers 200 in 70ms
 GET /api/auth/csrf 200 in 33ms
 POST /api/auth/signin/google 200 in 66ms
 GET / 200 in 62ms
 GET /api/auth/session 200 in 191ms
 GET / 200 in 67ms
